// Jest Snapshot v1, https://goo.gl/fbAQLP

exports[`Testing app component taking snapshot 1`] = `1`;
